// Jest Snapshot v1, https://goo.gl/fbAQLP

exports[`EditRecipes page tests Edit Recipe, page draws correctly (snapshot) 1`] = `
<div>
  <div>
    <h1
      class="Page-title"
    >
      Edit recipe
    </h1>
    <div
      class="Content-main"
    >
      <form>
        <div
          class="Content-input-container"
        >
          <div
            class="row"
          >
            <input
              autocomplete="off"
              name="name"
              placeholder="Name of the recipe"
              required=""
              type="text"
              value="One-Pot Mac and Cheese"
            />
          </div>
          <div
            class="row"
          >
            <p
              class="Tag"
            >
              Choose a tag
            </p>
            <p
              class="Tag"
            >
              <button
                class="Button-select-option"
                style="background-color: rgb(41, 211, 118); color: white; border: 1px solid black;"
                type="button"
              >
                Dinner
              </button>
              <button
                class="Button-select-option"
                style="background-color: white; color: black; border: 1px solid lightgrey;"
                type="button"
              >
                Lunch
              </button>
              <button
                class="Button-select-option"
                style="background-color: white; color: black; border: 1px solid lightgrey;"
                type="button"
              >
                Breakfast
              </button>
              <button
                class="Button-select-option"
                style="background-color: white; color: black; border: 1px solid lightgrey;"
                type="button"
              >
                Snack
              </button>
              <button
                class="Button-select-option"
                style="background-color: white; color: black; border: 1px solid lightgrey;"
                type="button"
              >
                Dessert
              </button>
            </p>
          </div>
          <div
            class="row"
          >
            <textarea
              autocomplete="off"
              cols="50"
              name="description"
              placeholder="Describe your recipe and how to make it delicious"
              rows="4"
            >
              Who likes cleaning up after making mac and cheese? 
              Not this girl. This one-pot mac and cheese is a family favorite, 
              and my 3-year-old is thrilled to see it coming to the dinner table. 
              We love to add sliced smoked sausage to this creamy mac recipe!
            </textarea>
          </div>
        </div>
        <div>
          <div
            class="row"
          >
            <label
              class="content-portions"
            >
              Number of portions :
               
              <select
                name="portions"
              >
                <option
                  value="1"
                >
                  1
                </option>
                <option
                  value="2"
                >
                  2
                </option>
                <option
                  value="3"
                >
                  3
                </option>
                <option
                  value="4"
                >
                  4
                </option>
                <option
                  value="5"
                >
                  5
                </option>
                <option
                  value="6"
                >
                  6
                </option>
                <option
                  value="7"
                >
                  7
                </option>
                <option
                  value="8"
                >
                  8
                </option>
                <option
                  value="9"
                >
                  9
                </option>
                <option
                  value="10"
                >
                  10
                </option>
              </select>
            </label>
          </div>
          <div
            class="row"
          >
            <table
              class="table-ingredients"
            >
              <tbody>
                <tr
                  class="table-headerRow"
                >
                  <th
                    colspan="3"
                  >
                    Ingredients
                  </th>
                  <th>
                    <button
                      class="Button-choice-add"
                      type="button"
                    >
                      + Add
                    </button>
                  </th>
                </tr>
                <tr
                  class="table-headerRow"
                >
                  <th>
                    Amount
                  </th>
                  <th>
                    Unit
                  </th>
                  <th>
                    Name
                  </th>
                  <th />
                </tr>
                <tr
                  class="table-contentRow"
                >
                  <td
                    class="Table-amount"
                  >
                    <div>
                      <input
                        autocomplete="off"
                        min="0"
                        name="amount"
                        step="any"
                        type="number"
                        value="1.5"
                      />
                    </div>
                  </td>
                  <td>
                    <div>
                      <select
                        autocomplete="off"
                        name="unit"
                      >
                        <option
                          value=""
                        />
                        <option
                          value="cup"
                        >
                          cup
                        </option>
                        <option
                          value="package"
                        >
                          package
                        </option>
                        <option
                          value="ounce"
                        >
                          ounce
                        </option>
                      </select>
                    </div>
                  </td>
                  <td>
                    <div>
                      <input
                        autocomplete="off"
                        name="ingredient"
                        placeholder="Ingredient"
                        required=""
                        type="text"
                        value="whole milk"
                      />
                    </div>
                  </td>
                  <td>
                    <button
                      class="Button-choice-delete"
                      type="button"
                    >
                      Delete
                    </button>
                  </td>
                </tr>
                <tr
                  class="table-contentRow"
                >
                  <td
                    class="Table-amount"
                  >
                    <div>
                      <input
                        autocomplete="off"
                        min="0"
                        name="amount"
                        step="any"
                        type="number"
                        value="3"
                      />
                    </div>
                  </td>
                  <td>
                    <div>
                      <select
                        autocomplete="off"
                        name="unit"
                      >
                        <option
                          value=""
                        />
                        <option
                          value="cup"
                        >
                          cup
                        </option>
                        <option
                          value="package"
                        >
                          package
                        </option>
                        <option
                          value="ounce"
                        >
                          ounce
                        </option>
                      </select>
                    </div>
                  </td>
                  <td>
                    <div>
                      <input
                        autocomplete="off"
                        name="ingredient"
                        placeholder="Ingredient"
                        required=""
                        type="text"
                        value="water"
                      />
                    </div>
                  </td>
                  <td>
                    <button
                      class="Button-choice-delete"
                      type="button"
                    >
                      Delete
                    </button>
                  </td>
                </tr>
                <tr
                  class="table-contentRow"
                >
                  <td
                    class="Table-amount"
                  >
                    <div>
                      <input
                        autocomplete="off"
                        min="0"
                        name="amount"
                        step="any"
                        type="number"
                        value="1"
                      />
                    </div>
                  </td>
                  <td>
                    <div>
                      <select
                        autocomplete="off"
                        name="unit"
                      >
                        <option
                          value=""
                        />
                        <option
                          value="cup"
                        >
                          cup
                        </option>
                        <option
                          value="package"
                        >
                          package
                        </option>
                        <option
                          value="ounce"
                        >
                          ounce
                        </option>
                      </select>
                    </div>
                  </td>
                  <td>
                    <div>
                      <input
                        autocomplete="off"
                        name="ingredient"
                        placeholder="Ingredient"
                        required=""
                        type="text"
                        value="elbow macaroni (16 ounces)"
                      />
                    </div>
                  </td>
                  <td>
                    <button
                      class="Button-choice-delete"
                      type="button"
                    >
                      Delete
                    </button>
                  </td>
                </tr>
                <tr
                  class="table-contentRow"
                >
                  <td
                    class="Table-amount"
                  >
                    <div>
                      <input
                        autocomplete="off"
                        min="0"
                        name="amount"
                        step="any"
                        type="number"
                        value="4"
                      />
                    </div>
                  </td>
                  <td>
                    <div>
                      <select
                        autocomplete="off"
                        name="unit"
                      >
                        <option
                          value=""
                        />
                        <option
                          value="cup"
                        >
                          cup
                        </option>
                        <option
                          value="package"
                        >
                          package
                        </option>
                        <option
                          value="ounce"
                        >
                          ounce
                        </option>
                      </select>
                    </div>
                  </td>
                  <td>
                    <div>
                      <input
                        autocomplete="off"
                        name="ingredient"
                        placeholder="Ingredient"
                        required=""
                        type="text"
                        value="velveeta, cubed"
                      />
                    </div>
                  </td>
                  <td>
                    <button
                      class="Button-choice-delete"
                      type="button"
                    >
                      Delete
                    </button>
                  </td>
                </tr>
                <tr
                  class="table-contentRow"
                >
                  <td
                    class="Table-amount"
                  >
                    <div>
                      <input
                        autocomplete="off"
                        min="0"
                        name="amount"
                        step="any"
                        type="number"
                        value="2"
                      />
                    </div>
                  </td>
                  <td>
                    <div>
                      <select
                        autocomplete="off"
                        name="unit"
                      >
                        <option
                          value=""
                        />
                        <option
                          value="cup"
                        >
                          cup
                        </option>
                        <option
                          value="package"
                        >
                          package
                        </option>
                        <option
                          value="ounce"
                        >
                          ounce
                        </option>
                      </select>
                    </div>
                  </td>
                  <td>
                    <div>
                      <input
                        autocomplete="off"
                        name="ingredient"
                        placeholder="Ingredient"
                        required=""
                        type="text"
                        value="shredded sharp cheddar cheese"
                      />
                    </div>
                  </td>
                  <td>
                    <button
                      class="Button-choice-delete"
                      type="button"
                    >
                      Delete
                    </button>
                  </td>
                </tr>
                <tr
                  class="table-contentRow"
                >
                  <td
                    class="Table-amount"
                  >
                    <div>
                      <input
                        autocomplete="off"
                        min="0"
                        name="amount"
                        step="any"
                        type="number"
                        value="0.5"
                      />
                    </div>
                  </td>
                  <td>
                    <div>
                      <select
                        autocomplete="off"
                        name="unit"
                      >
                        <option
                          value=""
                        />
                        <option
                          value="cup"
                        >
                          cup
                        </option>
                        <option
                          value="package"
                        >
                          package
                        </option>
                        <option
                          value="ounce"
                        >
                          ounce
                        </option>
                      </select>
                    </div>
                  </td>
                  <td>
                    <div>
                      <input
                        autocomplete="off"
                        name="ingredient"
                        placeholder="Ingredient"
                        required=""
                        type="text"
                        value="salt"
                      />
                    </div>
                  </td>
                  <td>
                    <button
                      class="Button-choice-delete"
                      type="button"
                    >
                      Delete
                    </button>
                  </td>
                </tr>
                <tr
                  class="table-contentRow"
                >
                  <td
                    class="Table-amount"
                  >
                    <div>
                      <input
                        autocomplete="off"
                        min="0"
                        name="amount"
                        step="any"
                        type="number"
                        value="0.5"
                      />
                    </div>
                  </td>
                  <td>
                    <div>
                      <select
                        autocomplete="off"
                        name="unit"
                      >
                        <option
                          value=""
                        />
                        <option
                          value="cup"
                        >
                          cup
                        </option>
                        <option
                          value="package"
                        >
                          package
                        </option>
                        <option
                          value="ounce"
                        >
                          ounce
                        </option>
                      </select>
                    </div>
                  </td>
                  <td>
                    <div>
                      <input
                        autocomplete="off"
                        name="ingredient"
                        placeholder="Ingredient"
                        required=""
                        type="text"
                        value="coarsely ground pepper"
                      />
                    </div>
                  </td>
                  <td>
                    <button
                      class="Button-choice-delete"
                      type="button"
                    >
                      Delete
                    </button>
                  </td>
                </tr>
              </tbody>
            </table>
          </div>
        </div>
        <div
          class="btn-group"
        >
          <button
            class="Button-navigation"
            style="opacity: 1;"
            type="submit"
          >
            Save
          </button>
          <button
            class="Button-navigation"
            type="button"
          >
            Cancel
          </button>
          <button
            class="Button-navigation"
          >
            Delete
          </button>
        </div>
      </form>
    </div>
  </div>
</div>
`;
