// Jest Snapshot v1, https://goo.gl/fbAQLP

exports[`Home page tests Home page draws correctly (snapshot) including list of buttons 1`] = `
<div>
  <div
    class="Content-main"
  >
    <h1>
      Welcome to the Tasty
    </h1>
    <p>
      Here you can explore your own recipes by adding new content, editing existing ones and deleting the ones you don't care about anymore.
    </p>
    <div
      class="Content-second"
    >
      <div>
         
        <a
          href="/recipe/1"
        >
          <button
            class="Button-recipe-navigation"
          >
            One-Pot Mac and Cheese
          </button>
        </a>
        <a
          href="/recipe/2"
        >
          <button
            class="Button-recipe-navigation"
          >
            Easy Marinated Grilled Flank Steak
          </button>
        </a>
      </div>
      <div
        class="Content-second"
      >
        <p>
          This is also the place to discover more and get inspiration from, we have selected a few to show you from below.
        </p>
      </div>
    </div>
  </div>
</div>
`;
