// Jest Snapshot v1, https://goo.gl/fbAQLP

exports[`Home page tests Home page draws correctly 1`] = `
<div
  className="Content-main"
>
  <h1>
    Welcome to the Tasty
  </h1>
  <p>
    Here you can explore your own recipes by adding new content, editing existing ones and deleting the ones you don't care about anymore.
  </p>
  <p>
    This is also the place to discover more and get inspiration from, we have selected a few to show you from [External API] below.
  </p>
  <div
    className="Content-second"
  >
    <ul>
      <b>
        Oops...You have no recipes to show here
      </b>
    </ul>
    <div
      className="Content-second"
    >
      <h5>
        [Place for external API recipes here]
      </h5>
    </div>
  </div>
</div>
`;
